// Jest Snapshot v1, https://goo.gl/fbAQLP

exports[`generate warnings 1`] = `
Array [
  Object {
    "level": "warn",
    "location": "tests/warning-routes.ts:3:6",
    "message": "Status code is not a number literal: number",
  },
]
`;

exports[`generate works 1`] = `
Array [
  Object {
    "fileName": "tests/test-routes.ts",
    "paths": Object {
      "/binary-response": Object {
        "get": Object {
          "responses": Object {
            "200": Object {
              "content": Object {
                "application/octet-stream": Object {
                  "schema": Object {
                    "format": "binary",
                    "type": "string",
                  },
                },
              },
              "description": "OK",
            },
          },
        },
      },
      "/branded-request-body": Object {
        "post": Object {
          "requestBody": Object {
            "content": Object {
              "application/json": Object {
                "schema": Object {
                  "properties": Object {
                    "int": Object {
                      "type": "integer",
                    },
                    "nonEmptyString": Object {
                      "type": "string",
                    },
                  },
                  "required": Array [
                    "int",
                    "nonEmptyString",
                  ],
                  "type": "object",
                },
              },
            },
          },
          "responses": Object {
            "200": Object {
              "content": Object {
                "text/plain": Object {
                  "schema": Object {
                    "type": "number",
                  },
                },
              },
              "description": "OK",
            },
            "400": Object {
              "content": Object {
                "text/plain": Object {
                  "schema": Object {
                    "type": "string",
                  },
                },
              },
              "description": "Bad Request",
            },
          },
        },
      },
      "/constant": Object {
        "get": Object {
          "description": "No input, static output, has a tag",
          "responses": Object {
            "200": Object {
              "content": Object {
                "text/plain": Object {
                  "schema": Object {
                    "type": "string",
                  },
                },
              },
              "description": "Successful result",
            },
          },
          "summary": "This is a summary",
          "tags": Array [
            "Tag",
          ],
        },
      },
      "/cookies": Object {
        "get": Object {
          "parameters": Array [
            Object {
              "in": "cookie",
              "name": "foo",
              "required": true,
            },
            Object {
              "in": "cookie",
              "name": "bar",
              "required": false,
            },
          ],
          "responses": Object {
            "200": Object {
              "content": Object {
                "application/json": Object {
                  "schema": Object {
                    "properties": Object {
                      "bar": Object {
                        "type": "number",
                      },
                      "foo": Object {
                        "type": "string",
                      },
                    },
                    "required": Array [
                      "foo",
                    ],
                    "type": "object",
                  },
                },
              },
              "description": "OK",
            },
            "400": Object {
              "content": Object {
                "text/plain": Object {
                  "schema": Object {
                    "type": "string",
                  },
                },
              },
              "description": "Bad Request",
            },
          },
        },
      },
      "/direct-route-call": Object {
        "get": Object {
          "responses": Object {
            "200": Object {
              "content": Object {
                "text/plain": Object {
                  "schema": Object {
                    "type": "string",
                  },
                },
              },
              "description": "OK",
            },
          },
        },
      },
      "/interface-array-response": Object {
        "get": Object {
          "responses": Object {
            "200": Object {
              "content": Object {
                "application/json": Object {
                  "schema": Object {
                    "items": Object {
                      "properties": Object {
                        "petName": Object {
                          "nullable": true,
                          "type": "string",
                        },
                        "shoeSize": Object {
                          "type": "number",
                        },
                        "updated": Object {
                          "format": "date-time",
                          "type": "string",
                        },
                      },
                      "required": Array [
                        "shoeSize",
                        "petName",
                        "updated",
                      ],
                      "type": "object",
                    },
                    "type": "array",
                  },
                },
              },
              "description": "OK",
            },
          },
        },
      },
      "/interface-response": Object {
        "get": Object {
          "responses": Object {
            "200": Object {
              "content": Object {
                "application/json": Object {
                  "schema": Object {
                    "properties": Object {
                      "petName": Object {
                        "nullable": true,
                        "type": "string",
                      },
                      "shoeSize": Object {
                        "type": "number",
                      },
                      "updated": Object {
                        "format": "date-time",
                        "type": "string",
                      },
                    },
                    "required": Array [
                      "shoeSize",
                      "petName",
                      "updated",
                    ],
                    "type": "object",
                  },
                },
              },
              "description": "OK",
            },
          },
        },
      },
      "/no-explicit-route-type": Object {
        "get": Object {
          "responses": Object {
            "200": Object {
              "content": Object {
                "text/plain": Object {
                  "schema": Object {
                    "type": "string",
                  },
                },
              },
              "description": "OK",
            },
          },
        },
      },
      "/query": Object {
        "get": Object {
          "parameters": Array [
            Object {
              "in": "query",
              "name": "str",
              "required": true,
            },
            Object {
              "in": "query",
              "name": "num",
              "required": false,
            },
          ],
          "responses": Object {
            "200": Object {
              "content": Object {
                "text/plain": Object {
                  "schema": Object {
                    "type": "string",
                  },
                },
              },
              "description": "OK",
            },
            "400": Object {
              "content": Object {
                "text/plain": Object {
                  "schema": Object {
                    "type": "string",
                  },
                },
              },
              "description": "Bad Request",
            },
          },
        },
      },
      "/request-body": Object {
        "post": Object {
          "description": "This one has request body and two possible successful responses and multiple tags",
          "requestBody": Object {
            "content": Object {
              "application/json": Object {
                "schema": Object {
                  "properties": Object {
                    "date": Object {
                      "format": "date-time",
                      "type": "string",
                    },
                    "nullableNum": Object {
                      "nullable": true,
                      "type": "number",
                    },
                    "nullableObj": Object {
                      "nullable": true,
                      "properties": Object {
                        "foo": Object {
                          "type": "number",
                        },
                      },
                      "required": Array [
                        "foo",
                      ],
                      "type": "object",
                    },
                    "numLit": Object {
                      "enum": Array [
                        42,
                      ],
                      "type": "number",
                    },
                    "numLits": Object {
                      "enum": Array [
                        42,
                        123,
                      ],
                      "type": "number",
                    },
                    "optionalBool": Object {
                      "type": "boolean",
                    },
                    "requiredBool": Object {
                      "type": "boolean",
                    },
                    "str": Object {
                      "type": "string",
                    },
                    "strLit": Object {
                      "enum": Array [
                        "foo",
                      ],
                      "type": "string",
                    },
                    "strLits": Object {
                      "enum": Array [
                        "foo",
                        "bar",
                      ],
                      "type": "string",
                    },
                  },
                  "required": Array [
                    "str",
                    "requiredBool",
                    "nullableNum",
                    "nullableObj",
                    "numLit",
                    "numLits",
                    "strLit",
                    "strLits",
                    "date",
                  ],
                  "type": "object",
                },
              },
            },
          },
          "responses": Object {
            "200": Object {
              "content": Object {
                "text/plain": Object {
                  "schema": Object {
                    "type": "string",
                  },
                },
              },
              "description": "Successful result",
            },
            "201": Object {
              "description": "A new resource was created",
            },
            "400": Object {
              "content": Object {
                "text/plain": Object {
                  "schema": Object {
                    "type": "string",
                  },
                },
              },
              "description": "Validation error",
            },
          },
          "tags": Array [
            "Tag1",
            "Tag2",
            "Tag3",
            "Tag4",
            "Tag5",
          ],
        },
      },
      "/response-headers": Object {
        "get": Object {
          "responses": Object {
            "200": Object {
              "content": Object {
                "text/plain": Object {
                  "schema": Object {
                    "type": "string",
                  },
                },
              },
              "description": "OK",
              "headers": Object {
                "X-Bar": Object {
                  "required": false,
                },
                "X-Foo": Object {
                  "required": true,
                },
              },
            },
          },
        },
      },
      "/same-path-route": Object {
        "get": Object {
          "responses": Object {
            "200": Object {
              "content": Object {
                "application/json": Object {
                  "schema": Object {
                    "properties": Object {
                      "foo": Object {
                        "type": "string",
                      },
                    },
                    "required": Array [
                      "foo",
                    ],
                    "type": "object",
                  },
                },
              },
              "description": "OK",
            },
          },
        },
        "post": Object {
          "responses": Object {
            "200": Object {
              "content": Object {
                "application/json": Object {
                  "schema": Object {
                    "properties": Object {
                      "bar": Object {
                        "type": "number",
                      },
                    },
                    "required": Array [
                      "bar",
                    ],
                    "type": "object",
                  },
                },
              },
              "description": "OK",
            },
          },
        },
      },
      "/schema-docstrings": Object {
        "get": Object {
          "requestBody": Object {
            "content": Object {
              "application/json": Object {
                "schema": Object {
                  "properties": Object {
                    "inputField": Object {
                      "description": "Input field description",
                      "type": "number",
                    },
                  },
                  "required": Array [
                    "inputField",
                  ],
                  "type": "object",
                },
              },
            },
          },
          "responses": Object {
            "200": Object {
              "content": Object {
                "application/json": Object {
                  "schema": Object {
                    "properties": Object {
                      "outputField": Object {
                        "description": "OUtput field description here",
                        "type": "string",
                      },
                    },
                    "required": Array [
                      "outputField",
                    ],
                    "type": "object",
                  },
                },
              },
              "description": "OK",
            },
            "400": Object {
              "content": Object {
                "text/plain": Object {
                  "schema": Object {
                    "type": "string",
                  },
                },
              },
              "description": "Bad Request",
            },
          },
        },
      },
      "/unused-request": Object {
        "get": Object {
          "responses": Object {
            "200": Object {
              "content": Object {
                "text/plain": Object {
                  "schema": Object {
                    "type": "string",
                  },
                },
              },
              "description": "OK",
            },
          },
        },
      },
      "/user/{id}/{other}": Object {
        "get": Object {
          "parameters": Array [
            Object {
              "in": "path",
              "name": "id",
              "required": true,
            },
            Object {
              "in": "path",
              "name": "other",
              "required": true,
            },
          ],
          "responses": Object {
            "200": Object {
              "content": Object {
                "application/json": Object {
                  "schema": Object {
                    "properties": Object {
                      "id": Object {
                        "type": "number",
                      },
                      "other": Object {
                        "type": "string",
                      },
                    },
                    "required": Array [
                      "id",
                      "other",
                    ],
                    "type": "object",
                  },
                },
              },
              "description": "OK",
            },
          },
        },
      },
      "/uses-custom-route": Object {
        "get": Object {
          "responses": Object {
            "200": Object {
              "content": Object {
                "text/plain": Object {
                  "schema": Object {
                    "type": "string",
                  },
                },
              },
              "description": "OK",
            },
          },
        },
      },
    },
  },
]
`;
