// Jest Snapshot v1, https://goo.gl/fbAQLP

exports[`generate warnings 1`] = `
Array [
  Object {
    "level": "warn",
    "location": "tests/warning-routes.ts:3:6",
    "message": "No description for response 200",
  },
]
`;

exports[`generate works 1`] = `
Array [
  Object {
    "fileName": "tests/test-routes.ts",
    "paths": Object {
      "/branded-request-body": Object {
        "post": Object {
          "requestBody": Object {
            "content": Object {
              "application/json": Object {
                "schema": Object {
                  "properties": Object {
                    "param": Object {
                      "type": "integer",
                    },
                  },
                  "required": Array [
                    "param",
                  ],
                  "type": "object",
                },
              },
            },
          },
          "responses": Object {
            "200": Object {
              "content": Object {
                "text/plain": Object {
                  "schema": Object {
                    "type": "number",
                  },
                },
              },
              "description": "200",
            },
            "400": Object {
              "content": Object {
                "text/plain": Object {
                  "schema": Object {
                    "type": "string",
                  },
                },
              },
              "description": "400",
            },
          },
        },
      },
      "/constant": Object {
        "get": Object {
          "description": "No input, static output",
          "responses": Object {
            "200": Object {
              "content": Object {
                "text/plain": Object {
                  "schema": Object {
                    "type": "string",
                  },
                },
              },
              "description": "Successful result",
            },
          },
          "summary": "This is a summary",
          "tags": Array [
            "Tag",
          ],
        },
      },
      "/direct-route-call": Object {
        "get": Object {
          "responses": Object {
            "200": Object {
              "content": Object {
                "text/plain": Object {
                  "schema": Object {
                    "type": "string",
                  },
                },
              },
              "description": "200",
            },
          },
        },
      },
      "/interface-array-response": Object {
        "get": Object {
          "responses": Object {
            "200": Object {
              "content": Object {
                "application/json": Object {
                  "schema": Object {
                    "items": Object {
                      "properties": Object {
                        "petName": Object {
                          "nullable": true,
                          "type": "string",
                        },
                        "shoeSize": Object {
                          "type": "number",
                        },
                      },
                      "required": Array [
                        "shoeSize",
                        "petName",
                      ],
                      "type": "object",
                    },
                    "type": "array",
                  },
                },
              },
              "description": "200",
            },
          },
        },
      },
      "/interface-response": Object {
        "get": Object {
          "responses": Object {
            "200": Object {
              "content": Object {
                "application/json": Object {
                  "schema": Object {
                    "properties": Object {
                      "petName": Object {
                        "nullable": true,
                        "type": "string",
                      },
                      "shoeSize": Object {
                        "type": "number",
                      },
                    },
                    "required": Array [
                      "shoeSize",
                      "petName",
                    ],
                    "type": "object",
                  },
                },
              },
              "description": "200",
            },
          },
        },
      },
      "/no-explicit-route-type": Object {
        "get": Object {
          "responses": Object {
            "200": Object {
              "content": Object {
                "text/plain": Object {
                  "schema": Object {
                    "type": "string",
                  },
                },
              },
              "description": "200",
            },
          },
        },
      },
      "/query": Object {
        "get": Object {
          "parameters": Array [
            Object {
              "in": "query",
              "name": "str",
              "required": true,
            },
            Object {
              "in": "query",
              "name": "num",
              "required": false,
            },
          ],
          "responses": Object {
            "200": Object {
              "content": Object {
                "text/plain": Object {
                  "schema": Object {
                    "type": "string",
                  },
                },
              },
              "description": "200",
            },
            "400": Object {
              "content": Object {
                "text/plain": Object {
                  "schema": Object {
                    "type": "string",
                  },
                },
              },
              "description": "400",
            },
          },
        },
      },
      "/request-body": Object {
        "post": Object {
          "description": "This one has request body and two possible successful responses",
          "requestBody": Object {
            "content": Object {
              "application/json": Object {
                "schema": Object {
                  "properties": Object {
                    "nullableNum": Object {
                      "nullable": true,
                      "type": "number",
                    },
                    "nullableObj": Object {
                      "nullable": true,
                      "properties": Object {
                        "foo": Object {
                          "type": "number",
                        },
                      },
                      "required": Array [
                        "foo",
                      ],
                      "type": "object",
                    },
                    "numLit": Object {
                      "enum": Array [
                        42,
                      ],
                      "type": "number",
                    },
                    "numLits": Object {
                      "enum": Array [
                        42,
                        123,
                      ],
                      "type": "number",
                    },
                    "optionalBool": Object {
                      "type": "boolean",
                    },
                    "requiredBool": Object {
                      "type": "boolean",
                    },
                    "str": Object {
                      "type": "string",
                    },
                    "strLit": Object {
                      "enum": Array [
                        "foo",
                      ],
                      "type": "string",
                    },
                    "strLits": Object {
                      "enum": Array [
                        "foo",
                        "bar",
                      ],
                      "type": "string",
                    },
                  },
                  "required": Array [
                    "str",
                    "requiredBool",
                    "nullableNum",
                    "nullableObj",
                    "numLit",
                    "numLits",
                    "strLit",
                    "strLits",
                  ],
                  "type": "object",
                },
              },
            },
          },
          "responses": Object {
            "200": Object {
              "content": Object {
                "text/plain": Object {
                  "schema": Object {
                    "type": "string",
                  },
                },
              },
              "description": "Successful result",
            },
            "201": Object {
              "description": "A new resource was created",
            },
            "400": Object {
              "content": Object {
                "text/plain": Object {
                  "schema": Object {
                    "type": "string",
                  },
                },
              },
              "description": "Validation error",
            },
          },
        },
      },
      "/response-headers": Object {
        "get": Object {
          "responses": Object {
            "200": Object {
              "content": Object {
                "text/plain": Object {
                  "schema": Object {
                    "type": "string",
                  },
                },
              },
              "description": "200",
              "headers": Object {
                "X-Bar": Object {
                  "required": false,
                },
                "X-Foo": Object {
                  "required": true,
                },
              },
            },
          },
        },
      },
      "/unused-request": Object {
        "get": Object {
          "responses": Object {
            "200": Object {
              "content": Object {
                "text/plain": Object {
                  "schema": Object {
                    "type": "string",
                  },
                },
              },
              "description": "200",
            },
          },
        },
      },
      "/user/{id}": Object {
        "get": Object {
          "parameters": Array [
            Object {
              "in": "path",
              "name": "id",
              "required": true,
            },
          ],
          "responses": Object {
            "200": Object {
              "content": Object {
                "application/json": Object {
                  "schema": Object {
                    "properties": Object {
                      "id": Object {
                        "type": "number",
                      },
                    },
                    "required": Array [
                      "id",
                    ],
                    "type": "object",
                  },
                },
              },
              "description": "200",
            },
          },
        },
      },
    },
  },
]
`;
